[backblue.gif]
[fade.gif]
[index.html]
[localhost_8888/tipsfortechno/comments/feed/index.html]
[localhost_8888/tipsfortechno/feed/index.html]
[localhost_8888/tipsfortechno/xmlrpc0db0.php]
[localhost_8888/tipsfortechno/wp-includes/wlwmanifest.xml]
[localhost_8888/tipsfortechno/wp-json/index.html]
[localhost_8888/tipsfortechno/wp-content/themes/sinatra/assets/js/sinatra.mincfa9.js]
[localhost_8888/tipsfortechno/index.html]
[localhost_8888/tipsfortechno/wp-includes/css/dist/block-library/style.min7661.css]
[localhost_8888/tipsfortechno/wp-includes/css/dist/block-library/theme.min7661.css]
[localhost_8888/tipsfortechno/wp-includes/js/wp-embed.min7661.js]
[localhost_8888/tipsfortechno/wp-content/themes/sinatra/assets/fonts/sinatra9cf5.eot]
[localhost_8888/tipsfortechno/wp-content/themes/sinatra/assets/fonts/sinatra9cf5.woff2]
[localhost_8888/tipsfortechno/wp-content/themes/sinatra/assets/fonts/sinatra9cf5.woff]
[localhost_8888/tipsfortechno/wp-content/themes/sinatra/assets/fonts/sinatra9cf5.ttf]
[localhost_8888/tipsfortechno/wp-content/themes/sinatra/assets/css/style.mincfa9.css]
[localhost_8888/tipsfortechno/wp-content/uploads/sinatra/dynamic-styles93a7.css]
[localhost_8888/tipsfortechno/wp-content/themes/sinatra/assets/css/compatibility/elementor.mincfa9.css]
[localhost_8888/tipsfortechno/wp-json/oembed/1.0/embed9284.json]
[localhost_8888/tipsfortechno/wp-json/oembed/1.0/embeddad5]
[localhost_8888/tipsfortechno/sample-page/index.html]
[localhost_8888/tipsfortechno/sample-page/feed/index.html]
[localhost_8888/tipsfortechno/wp-json/oembed/1.0/embed82a1.json]
[localhost_8888/tipsfortechno/wp-json/oembed/1.0/embed1e8f]
[localhost_8888/tipsfortechno/wp-includes/js/comment-reply.min7661.js]
[localhost_8888/tipsfortechno/2020/07/03/hello-world/index.html]
[localhost_8888/tipsfortechno/2020/07/03/hello-world/feed/index.html]
[localhost_8888/tipsfortechno/author/tipsontechno/index.html]
[localhost_8888/tipsfortechno/category/uncategorized/index.html]
[localhost_8888/tipsfortechno/2020/07/index.html]
[localhost_8888/tipsfortechno/author/tipsontechno/feed/index.html]
[localhost_8888/tipsfortechno/category/uncategorized/feed/index.html]
[localhost_8888/tipsfortechno/wp-includes/js/jquery/jquery4a5f.js]
[localhost_8888/tipsfortechno/wp-includes/js/jquery/jquery-migrate.min330a.js]
[localhost_8888/tipsfortechno/wp-includes/js/zxcvbn-async.min5152.js]
[localhost_8888/tipsfortechno/wp-admin/js/password-strength-meter.min7661.js]
[localhost_8888/tipsfortechno/wp-includes/js/underscore.min4511.js]
[localhost_8888/tipsfortechno/wp-includes/js/wp-util.min7661.js]
[localhost_8888/tipsfortechno/wp-login.html]
[localhost_8888/tipsfortechno/wp-content/themes/sinatra/assets/fonts/sinatra9cf5.svg]
[localhost_8888/tipsfortechno/index905b.html]
[localhost_8888/tipsfortechno/xmlrpc.php]
[localhost_8888/tipsfortechno/wp-admin/js/user-profile.min7661.js]
[localhost_8888/tipsfortechno/wp-admin/index.html]
[localhost_8888/tipsfortechno/indexcff1.html]
[localhost_8888/tipsfortechno/2020/index.html]
[localhost_8888/tipsfortechno/2020/07/03/index.html]
[localhost_8888/tipsfortechno/2020/07/03/hello-world/index6809.html]
[localhost_8888/tipsfortechno/wp-includes/fonts/dashicons2ce6.eot]
[localhost_8888/tipsfortechno/wp-includes/css/dashicons.min7661.css]
[localhost_8888/tipsfortechno/wp-includes/css/buttons.min7661.css]
[localhost_8888/tipsfortechno/wp-includes/fonts/dashicons2ce6.ttf]
[localhost_8888/tipsfortechno/wp-admin/css/forms.min7661.css]
[localhost_8888/tipsfortechno/wp-admin/css/l10n.min7661.css]
[localhost_8888/tipsfortechno/wp-admin/images/loading.gif]
[localhost_8888/tipsfortechno/wp-admin/images/w-logo-blue7a53.png]
[localhost_8888/tipsfortechno/wp-admin/css/login.min7661.css]
[localhost_8888/tipsfortechno/wp-loginc2b6.html]
[localhost_8888/tipsfortechno/wp-login5abe.html]
[localhost_8888/tipsfortechno/wp-admin/images/wordpress-logo7d6b.svg]
